/Users/maximomussini/Projects/types_from_serializers/playground/vanilla/app/serializers/base_serializer.rb/Users/maximomussini/Projects/types_from_serializers/playground/vanilla/app/serializers/composer_serializer.rb/Users/maximomussini/Projects/types_from_serializers/playground/vanilla/app/serializers/composer_with_songs_serializer.rb/Users/maximomussini/Projects/types_from_serializers/playground/vanilla/app/serializers/model_serializer.rb/Users/maximomussini/Projects/types_from_serializers/playground/vanilla/app/serializers/song_serializer.rb/Users/maximomussini/Projects/types_from_serializers/playground/vanilla/app/serializers/song_with_videos_serializer.rb/Users/maximomussini/Projects/types_from_serializers/playground/vanilla/app/serializers/video_serializer.rb/Users/maximomussini/Projects/types_from_serializers/playground/vanilla/app/serializers/video_with_song_serializer.rb